I (00:00:00.130) app_main:155: wdt_init...
I (00:00:00.134) app_main:158: button_init...
I (00:00:00.138) gpio: GPIO[21]| InputEn: 1| OutputEn: 0| OpenDrain: 0| Pullup: 0| Pulldown: 0| Intr:2 
I (00:00:00.147) app_main:161: extio_init...
I (00:00:00.151) app_main:165: led_init...
I (00:00:00.151) gpio: GPIO[38]| InputEn: 1| OutputEn: 1| OpenDrain: 1| Pullup: 1| Pulldown: 0| Intr:0 
I (00:00:00.154) gpio: GPIO[45]| InputEn: 0| OutputEn: 1| OpenDrain: 0| Pullup: 0| Pulldown: 0| Intr:0 
I (00:00:00.164) gpio: GPIO[39]| InputEn: 1| OutputEn: 1| OpenDrain: 1| Pullup: 1| Pulldown: 0| Intr:0 
I (00:00:00.173) app_main:169: sysstat_init...
I (00:00:00.182) i2cdev_handle:92: added handle for addr=0x38
I (00:00:00.186) app_main:174: macaddr 8cbfea861847
I (00:00:00.196) app_main:177: esp_rom_get_reset_reason: CPU0=12 CPU1=12
I (00:00:00.202) app_main:181: slot_init...
I (00:00:00.207) app_main:185: fs_init...
I (00:00:00.338) fs_init:770: Partition size: total: 1560089, used: 7133
I (00:00:00.415) fs_ls:130:   0: /spiffs/plcprog_flash_brk size=9 mtime=1767493699
I (00:00:00.416) fs_ls:130:   1: /spiffs/prog1 size=136 mtime=1767493699
I (00:00:00.418) fs_ls:130:   2: /spiffs/conf size=1780 mtime=1767493702
I (00:00:00.466) app_main:190: broker_init...
I (00:00:00.467) app_main:195: master_init...
I (00:00:00.467) gpio: GPIO[16]| InputEn: 1| OutputEn: 1| OpenDrain: 1| Pullup: 1| Pulldown: 0| Intr:1 
I (00:00:00.473) gpio: GPIO[10]| InputEn: 1| OutputEn: 0| OpenDrain: 0| Pullup: 1| Pulldown: 0| Intr:0 
I (00:00:00.482) gpio: GPIO[15]| InputEn: 1| OutputEn: 0| OpenDrain: 0| Pullup: 1| Pulldown: 0| Intr:0 
I (00:00:00.491) master_play_dice:66: won
I (00:00:00.494) bus_twai_iammaster_set:592: 1
I (00:00:00.499) bus_twai_terminator:575: =1
I (00:00:00.503) app_main:198: bus_twai_init...
I (00:00:00.507) gpio: GPIO[42]| InputEn: 1| OutputEn: 0| OpenDrain: 0| Pullup: 0| Pulldown: 0| Intr:0 
I (00:00:00.516) gpio: GPIO[41]| InputEn: 0| OutputEn: 1| OpenDrain: 0| Pullup: 0| Pulldown: 0| Intr:0 
I (00:00:00.526) adc_calibration_init:200: calibration scheme version is Curve Fitting
I (00:00:00.533) adc_calibration_init:231: Calibration Success
I (00:00:00.539) app_main:202: mdns_init...
I (00:00:00.542) mdns_mem: mDNS task will be created from SPIRAM
I (00:00:00.548) app_main:207: ethernet_init...
I (00:00:00.553) bus4io_post_attach:99: 
I (00:00:00.556) bus4io_post_attach:99: 
I (00:00:00.560) bus4io_post_attach:99: 
E (00:00:00.563) gpio: gpio_install_isr_service(503): GPIO isr service already installed
W (00:00:00.571) example_eth_init: GPIO ISR handler has been already installed
I (00:00:00.612) esp_eth.netif.netif_glue: 8c:bf:ea:86:18:47
I (00:00:00.613) esp_eth.netif.netif_glue: ethernet attached to netif
I (00:00:00.613) esp_netif_br_glue: 00:00:00:00:00:00
I (00:00:00.617) esp_netif_br_glue: bridge netif glue attached
I (00:00:03.627) eth_event_handler:108: eth link UP
I (00:00:03.628) master_master:142: CS0/1/2=1/1/0
I (00:00:03.628) bus_events_handler:134: 2
I (00:00:03.631) bus_events_handler:139: bus_iammaster=1
I (00:00:03.628) app_main:212: bus4_init...
I (00:00:03.641) bus_events_handler:148: 8cbfea861847
I (00:00:03.645) bus_events_handler:155: 000000000000
I (00:00:03.654) app_main:216: fram_init...
I (00:00:03.658) app_main:220: clock_init...
I (00:00:03.662) i2cdev_handle:92: added handle for addr=0x51
I (00:00:03.668) pcf8563_get_time: 48 31 02 04 00 01 26 
I (02:31:48.000) clock_init:206: system time: Sun Jan  4 02:31:48 2026
I (02:31:48.006) app_main:224: modbus_server_init...
I (02:31:48.011) app_main:230: modbus_client_init...
I (02:31:48.016) app_main:234: npc21_modbus_init...
I (02:31:48.020) app_main:238: plcprog_init...
I (02:31:48.021) modbus_server_socket6_create:216: listening on IPv6 sock fd=44
I (02:31:48.049) plcprog_init:1340: allocated chunk of 524256 at 0x3c880000
I (02:31:48.067) modbus_server_tcp_task:325: listening on [::]:502
I (02:31:48.137) plcprog_init:1371: brk_str="00002000", plcprog_flash_brk=8192
I (02:31:48.138) plcprog_init:1392: mapped partition plcprog to data memory address 0x42970000
I (02:31:48.142) plcprog_init:1394: partition size=8257536, usable 8257536
I (02:31:48.148) plcprog_init:1396: partition erase_size=4096
I (02:31:48.193) plcprog_add_entry_from_file:1259: prog1
I (02:31:48.195) plcprog_malloc_at:186: 0x3c880008 sz=524248
I (02:31:48.196) plcprog_malloc_at:243: target 0x3c8fff88 len=40 return 0x3c8fff88
I (02:31:48.244) plcprog_tasks_start:422: 
I (02:31:48.244) plcprog_tasks_start:448: task0: allocated stack 0x3c901008[8192]
I (02:31:48.245) plcprog_tasks_start:448: task1: allocated stack 0x3c90301c[8192]
I (02:31:48.245) plcprog_task_:642: task0
I (02:31:48.255) plcprog_tasks_start:448: task2: allocated stack 0x3c905030[8192]
I (02:31:48.255) plcprog_task_:642: task1
I (02:31:48.262) plcprog_tasks_start:448: task3: allocated stack 0x3c907044[8192]
I (02:31:48.266) plcprog_task_:642: task2
I (02:31:48.273) plcprog_tasks_start:448: task4: allocated stack 0x3c909058[8192]
I (02:31:48.277) plcprog_task_:642: task3
I (02:31:48.284) plcprog_tasks_start:448: task5: allocated stack 0x3c90b06c[8192]
I (02:31:48.288) plcprog_task_:642: task4
I (02:31:48.295) plcprog_task_:642: task5
I (02:31:48.295) i2cdev_handle:92: added handle for addr=0x50
I (02:31:48.308) plcprog_init:1421: fram_read err=0x0 code=0x8c
I (02:31:48.313) plcprog_run_set:113: 0
I (02:31:48.317) plcprog_run_fram_write:136: wrote sys.run code=0x8c
I (02:31:48.323) app_main:243: forte_init...
I (02:31:48.328) app_main:248: conf_init...
I (02:31:48.331) conf_init:1674: 
I (02:31:48.415) conf_button_check:1653: 
I (02:31:48.417) conf_init:1713: 
I (02:31:48.417) conf_task:1544: notification=0x1
I (02:31:48.417) conf_all_subsystems_start:1420: 
I (02:31:48.425) conf_newconf_do:1303: {
	"clock":	{
		"TZ":	"MSK",
		"sntp_server":	"pool.ntp.org",
		"sntp_smooth":	"y"
	},
	"forte":	{
		"enable":	"y",
		"var":	["do0..2", "temp", "ao1", "ao3", "motor_speed", "motor_speed_sen", "number"],
		"var_out":	["di0..6", "ai0", "ai1", "nom_val", "hi_sensor", "lo_sensor", "Kp", "Ks", "Kd"]
	},
	"hostname":	"plc1",
	"ipaddr":	"192.168.2.1/24",
	"slot-1":	{
		"macaddr":	"8c:bf:ea:86:18:47",
		"modbus_server":	{
			"holding0..1":	{
				"var_out":	"ai0..1"
			},
			"holding12":	{
				"var_out":	"ao1"
			},
			"holding13":	{
				"var":	"nom_val"
			},
			"holding15":	{
				"var":	"hi_sensor"
			},
			"holding17":	{
				"var":	"lo_sensor"
			},
			"holding19":	{
				"var":	"Kp"
			},
			"holding2..8":	{
				"var_out":	"di0..6"
			},
			"holding21":	{
				"var":	"Ks"
			},
			"holding23":	{
				"var":	"Kd"
			},
			"holding27":	{
				"var_out":	"motor_speed"
			},
			"holding29":	{
				"var_out":	"motor_speed_sen"
			},
			"holding31":	{
				"var_out":	"number"
			},
			"holding33":	{
				"var_out":	"ao3"
			},
			"holding35":	{
				"var_out":	"temp"
			},
			"holding9..11":	{
				"var_out":	"do0..2"
			},
			"tcp_port":	"502"
		},
		"module":	"bcbase"
	},
	"slot1":	{
		"in0..15":	{
			"var":	"di0..15"
		},
		"module":	"bcdi"
	},
	"slot2":	{
		"module":	"bcdo",
		"out0..15":	{
			"var_out":	"do0..15"
		}
	},
	"slot3":	{
		"in0..3":	{
			"interval":	"0.5s",
			"mode":	"0-10V",
			"natural":	["0", "10000"],
			"period":	"1s",
			"range":	"2",
			"var":	"ai0..3"
		},
		"module":	"bcai"
	},
	"slot4":	{
		"chan0":	{
			"mode":	"0-10V",
			"natural":	["0", "10000"],
			"var_out":	"ao0"
		},
		"chan1":	{
			"mode":	"0-10V",
			"natural":	["0", "10000"],
			"var_out":	"ao1"
		},
		"chan2":	{
			"mode":	"0-10V",
			"natural":	["0", "10000"],
			"var_out":	"ao2"
		},
		"chan3":	{
			"mode":	"0-10V",
			"natural":	["0", "10000"],
			"var_out":	"ao3"
		},
		"module":	"bcao"
	},
	"task0":	{
		"maxrun":	"10ms",
		"period":	"100ms",
		"prog1":	{
			"enable":	"y",
			"file":	"/home/anonymous/Ai-Talap/C_prog/test.c"
		}
	},
	"var":	{
		"Kd":	{
			"init":	"10",
			"retain":	[512]
		},
		"Kp":	{
			"init":	"100",
			"retain":	[520]
		},
		"Ks":	{
			"init":	"10",
			"retain":	[528]
		},
		"hi_sensor":	{
			"init":	"100000",
			"retain":	[536]
		},
		"lo_sensor":	{
			"init":	"0",
			"retain":	[544]
		},
		"nom_val":	{
			"init":	"2000"
		},
		"number":	{
			"init":	"0"
		},
		"temp":	{
			"init":	"0"
		}
	}
}
I (02:31:48.648) bus_twai_renumber_master_start:105: caller 0x42019ff9
I (02:31:48.728) app_main:256: sensors_init...
I (02:31:48.732) app_main:288: free heap=139316 min=139288 stats.oom=0 IDLE=0,0
I (02:31:48.733) adc_calibration_init:200: calibration scheme version is Curve Fitting
I (02:31:48.747) adc_calibration_init:231: Calibration Success
I (02:31:48.753) adc_calibration_init:200: calibration scheme version is Curve Fitting
I (02:31:48.760) adc_calibration_init:231: Calibration Success
I (02:31:48.773) sensors_task:68: 5V=5.03/5.03/5.03 24V_in=24.09/24.09/24.09
I (02:31:49.879) got_ip6_event_handler:257: BR0 IPv6: fe80:0000:0000:0000:8ebf:eaff:fe86:1847
I (02:31:50.152) bus_twai_renumber_task_master:416: BUS_RENUMBER_START
I (02:31:50.153) bus_twai_renumber_send_nopull:219: 
I (02:31:50.153) bus_twai_renumber_send_basepull:199: 1
I (02:31:50.158) gpio: GPIO[17]| InputEn: 0| OutputEn: 1| OpenDrain: 0| Pullup: 0| Pulldown: 0| Intr:0 
I (02:31:50.216) bus_twai_renumber_send_call:258: adc_limit=690
I (02:31:50.229) bustab_add:101: bustabi=1 caller 0x4201b097
I (02:31:50.229) bus_twai_renumber_task_master:424: BUS_TAG11_ANSWER from 92e5b1856b6d adc=617
I (02:31:50.232) bustab_add:101: bustabi=2 caller 0x4201b097
I (02:31:50.237) bus_twai_renumber_task_master:424: BUS_TAG11_ANSWER from 92e5b1857167 adc=401
I (02:31:50.416) bus_twai_renumber_task_master:434: BUS_DEADLINE_POSITIVE
I (02:31:50.417) daisy_fit:13: adc[401 617 0]
I (02:31:50.417) daisy_fit:43: mini=13 [400 620 0]
I (02:31:50.421) bus_twai_renumber_positive:236: n=2 map=0x34 silenced=1
I (02:31:50.427) bustab_rank_assign:321: 92e5b1857167 set rank=1 was 0
I (02:31:50.433) bus_twai_renumber_send_pull:239: 92e5b1857167 on=1
I (02:31:50.488) bus_twai_renumber_send_call:258: adc_limit=690
I (02:31:50.501) bus_twai_renumber_task_master:424: BUS_TAG11_ANSWER from 92e5b1856b6d adc=371
I (02:31:50.501) bustab_add:101: bustabi=3 caller 0x4201b097
I (02:31:50.504) bus_twai_renumber_task_master:424: BUS_TAG11_ANSWER from 4a27e24bd6b3 adc=618
I (02:31:50.512) bustab_add:101: bustabi=4 caller 0x4201b097
I (02:31:50.518) bus_twai_renumber_task_master:424: BUS_TAG11_ANSWER from 8265995b613d adc=557
I (02:31:50.688) bus_twai_renumber_task_master:434: BUS_DEADLINE_POSITIVE
I (02:31:50.688) daisy_fit:13: adc[371 557 618]
I (02:31:50.689) daisy_fit:43: mini=6 [381 575 644]
I (02:31:50.693) bus_twai_renumber_positive:236: n=3 map=0x24 silenced=0
I (02:31:50.699) bustab_rank_assign:321: 92e5b1856b6d set rank=2 was 0
I (02:31:50.705) bus_twai_renumber_send_pull:239: 92e5b1856b6d on=1
I (02:31:50.711) bustab_rank_assign:321: 8265995b613d set rank=3 was 0
I (02:31:50.718) bus_twai_renumber_send_pull:239: 8265995b613d on=1
I (02:31:50.772) bus_twai_renumber_send_call:258: adc_limit=690
I (02:31:50.785) bus_twai_renumber_task_master:424: BUS_TAG11_ANSWER from 4a27e24bd6b3 adc=162
I (02:31:50.972) bus_twai_renumber_task_master:434: BUS_DEADLINE_POSITIVE
I (02:31:50.973) bus_twai_renumber_send_call:258: adc_limit=998
I (02:31:50.986) bus_twai_renumber_task_master:424: BUS_TAG11_ANSWER from 4a27e24bd6b3 adc=163
I (02:31:51.572) bus_twai_renumber_task_master:434: BUS_DEADLINE_POSITIVE
I (02:31:51.573) daisy_fit:13: adc[163 0 0]
I (02:31:51.573) daisy_fit:43: mini=1 [171 0 0]
I (02:31:51.576) bus_twai_renumber_positive:236: n=1 map=0x3c silenced=0
I (02:31:51.583) bustab_rank_assign:321: 4a27e24bd6b3 set rank=4 was 0
I (02:31:51.589) bus_twai_renumber_send_pull:239: 4a27e24bd6b3 on=1
I (02:31:51.644) bus_twai_renumber_send_call:258: adc_limit=690
I (02:31:51.664) master_master:142: CS0/1/2=1/1/0
I (02:31:51.844) bus_twai_renumber_task_master:434: BUS_DEADLINE_POSITIVE
I (02:31:51.844) bus_twai_renumber_send_call:258: adc_limit=998
I (02:31:52.444) bus_twai_renumber_task_master:434: BUS_DEADLINE_POSITIVE
I (02:31:52.445) bus_twai_renumber_send_basepull:199: 0
I (02:31:52.494) bus_twai_renumber_send_call:258: adc_limit=999
I (02:31:52.794) bus_twai_renumber_task_master:439: BUS_DEADLINE_NEGATIVE
I (02:31:52.795) bustab_add:101: bustabi=5 caller 0x4201a8e9
I (02:31:52.795) daisy_fit:13: adc[0 0 0]
I (02:31:52.799) daisy_fit:43: mini=0 [0 0 0]
I (02:31:52.803) bustab_rank_assign:321: 8cbfea861847 set rank=-1 was 0
I (02:31:52.810) gpio: GPIO[17]| InputEn: 0| OutputEn: 0| OpenDrain: 0| Pullup: 0| Pulldown: 0| Intr:0 
I (02:31:52.819) bus_twai_renumber_send_nopull:219: 
I (02:31:52.823) bus_twai_renumber_master_done:169: myrank set to -1 (was 0)
I (02:31:52.830) bustab_dump1:113: 92e5b1856b6d adc=0 rank=2 
I (02:31:52.835) bustab_dump1:113: 92e5b1857167 adc=0 rank=1 
I (02:31:52.841) bustab_dump1:113: 4a27e24bd6b3 adc=0 rank=4 
I (02:31:52.842) bus4master_init:413: 
I (02:31:52.846) bustab_dump1:113: 8265995b613d adc=0 rank=3 
I (02:31:52.852) bustab_dump1:113: 8cbfea861847 adc=0 rank=-1 BM
I (02:31:52.855) gpio: GPIO[3]| InputEn: 1| OutputEn: 1| OpenDrain: 1| Pullup: 1| Pulldown: 0| Intr:2 
I (02:31:52.861) bus_twai_renumber_send_tabdata:179: 92e5b1856b6d rank=2
I (02:31:52.870) gpio: GPIO[19]| InputEn: 1| OutputEn: 1| OpenDrain: 1| Pullup: 1| Pulldown: 0| Intr:2 
I (02:31:52.877) bus_twai_renumber_send_tabdata:179: 92e5b1857167 rank=1
I (02:31:52.886) gpio: GPIO[20]| InputEn: 1| OutputEn: 1| OpenDrain: 1| Pullup: 1| Pulldown: 0| Intr:2 
I (02:31:52.892) bus_twai_renumber_send_tabdata:179: 4a27e24bd6b3 rank=4
I (02:31:52.908) bus_twai_renumber_send_tabdata:179: 8265995b613d rank=3
I (02:31:52.914) bus_twai_renumber_send_tabdata:179: 8cbfea861847 rank=-1
I (02:31:52.921) bustab_master_best:388: 8cbfea861847 slotn=-1
I (02:31:52.926) bus_events_handler:134: 1
I (02:31:52.930) bus_events_handler:139: bus_iammaster=1
I (02:31:52.935) bus_events_handler:148: 8cbfea861847
I (02:31:52.940) bus_events_handler:155: 8cbfea861847
I (02:31:52.953) var_retain_load:577: Kd
I (02:31:52.953) retain_load:68: 
I (02:31:52.954) retain_load:79: retain_addr=512 val=0x4024000000000000
I (02:31:52.958) var_retain_load:587: 512 10
I (02:31:52.962) var_retain_load:577: Kp
I (02:31:52.965) retain_load:68: 
I (02:31:52.969) retain_load:79: retain_addr=520 val=0x4059000000000000
I (02:31:52.975) var_retain_load:587: 520 100
I (02:31:52.979) var_retain_load:577: Ks
I (02:31:52.982) retain_load:68: 
I (02:31:52.986) retain_load:79: retain_addr=528 val=0x4024000000000000
I (02:31:52.992) var_retain_load:587: 528 10
I (02:31:52.996) var_retain_load:577: hi_sensor
I (02:31:53.000) retain_load:68: 
I (02:31:53.003) retain_load:79: retain_addr=536 val=0x40c3880000000000
I (02:31:53.009) var_retain_load:587: 536 10000
I (02:31:53.014) var_retain_load:577: lo_sensor
I (02:31:53.018) retain_load:68: 
I (02:31:53.021) retain_load:79: retain_addr=544 val=0x0000000000000000
I (02:31:53.027) var_retain_load:587: 544 0
I (02:31:53.033) conf_walk:1151: clock
I (02:31:53.035) conf_walk:1151: forte
I (02:31:53.038) conf_walk:1151: hostname
I (02:31:53.042) conf_walk:1151: ipaddr
I (02:31:53.045) conf_walk:1151: slot-1
I (02:31:53.049) conf_walk_my_slot:554: 
I (02:31:53.055) conf_walk:1151: slot1
I (02:31:53.057) conf_walk:1151: slot2
I (02:31:53.060) conf_walk:1151: slot3
I (02:31:53.063) conf_walk:1151: slot4
I (02:31:53.067) conf_walk:1151: task0
I (02:31:53.070) conf_walk:1151: var
I (02:31:53.175) conf_newconf_write:1526: 
I (02:31:53.176) conf_all_subsystems_commit:1491: 
I (02:31:53.176) broker_newconf_commit:1146: vtab_new: 50 entries
I (05:31:53.180) rs485_conf: 00 00 00 00 00 00 00 00 00 00 00 00 00 00 00 00 
I (05:31:53.186) rs485_conf: 00 00 00 00 00 00 00 00 
I (05:31:53.191) modbus_server_newconf_commit:659: 0x3fca79d0 tcp_port=502
I (05:31:53.247) forte_start:54: 
I (05:31:53.253) forte_log:115: INFO FORTE is up and running
I (05:31:53.254) forte_start:71: 
I (05:31:53.254) forte_log:115: INFO starting broker->forte event handler
I (05:31:53.258) forte_log:115: INFO Using provided bootfile location set in CMake: /forte/forte.fboot
E (05:31:53.349) fs_read:239: /spiffs/forte.fboot: No such file or directory
E (05:31:53.430) fs_read:243: /spiffs/forte.fboot.new: No such file or directory, given up
I (05:31:53.467) forte_log:115: INFO Boot file /forte/forte.fboot could not be opened. Skipping...
I (05:31:53.471) forte_start:86: 
I (05:31:53.472) slot_newconf_commit:229: 
I (05:31:53.472) slot_newconf_commit:244: slot1
I (05:31:53.477) slot_newconf_commit:244: slot2
I (05:31:53.481) slot_newconf_commit:244: slot3
I (05:31:53.485) slot_newconf_commit:244: slot4
I (05:31:53.489) slot_newconf_commit:253: slot1
I (05:31:53.494) slot_newconf_commit:253: slot2
I (05:31:53.498) slot_newconf_commit:253: slot3
I (05:31:53.502) slot_newconf_commit:253: slot4
I (05:31:53.506) conf_task:1615: OK
I (05:31:53.510) bus_events_handler:134: 3
I (05:31:53.510) bustab_master_best:388: 8cbfea861847 slotn=-1
I (05:31:53.513) bus_events_handler:139: bus_iammaster=1
I (05:31:53.519) conf_task:1544: notification=0x4
I (05:31:53.524) bus_events_handler:148: 8cbfea861847
I (05:31:53.529) conf_task:1544: notification=0x1
I (05:31:53.533) bus_events_handler:155: 8cbfea861847
I (05:31:53.538) conf_all_subsystems_start:1420: 
I (05:31:53.545) esp_netif_handlers: br0 ip: 192.168.2.1, mask: 255.255.255.0, gw: 255.255.255.255
I (05:31:53.553) conf_newconf_do:1303: {
	"clock":	{
		"TZ":	"MSK",
		"sntp_server":	"pool.ntp.org",
		"sntp_smooth":	"y"
	},
	"forte":	{
		"enable":	"y",
		"var":	["do0..2", "temp", "ao1", "ao3", "motor_speed", "motor_speed_sen", "number"],
		"var_out":	["di0..6", "ai0", "ai1", "nom_val", "hi_sensor", "lo_sensor", "Kp", "Ks", "Kd"]
	},
	"hostname":	"plc1",
	"ipaddr":	"192.168.2.1/24",
	"slot-1":	{
		"macaddr":	"8c:bf:ea:86:18:47",
		"modbus_server":	{
			"holding0..1":	{
				"var_out":	"ai0..1"
			},
			"holding12":	{
				"var_out":	"ao1"
			},
			"holding13":	{
				"var":	"nom_val"
			},
			"holding15":	{
				"var":	"hi_sensor"
			},
			"holding17":	{
				"var":	"lo_sensor"
			},
			"holding19":	{
				"var":	"Kp"
			},
			"holding2..8":	{
				"var_out":	"di0..6"
			},
			"holding21":	{
				"var":	"Ks"
			},
			"holding23":	{
				"var":	"Kd"
			},
			"holding27":	{
				"var_out":	"motor_speed"
			},
			"holding29":	{
				"var_out":	"motor_speed_sen"
			},
			"holding31":	{
				"var_out":	"number"
			},
			"holding33":	{
				"var_out":	"ao3"
			},
			"holding35":	{
				"var_out":	"temp"
			},
			"holding9..11":	{
				"var_out":	"do0..2"
			},
			"tcp_port":	"502"
		},
		"module":	"bcbase"
	},
	"slot1":	{
		"in0..15":	{
			"var":	"di0..15"
		},
		"module":	"bcdi"
	},
	"slot2":	{
		"module":	"bcdo",
		"out0..15":	{
			"var_out":	"do0..15"
		}
	},
	"slot3":	{
		"in0..3":	{
			"interval":	"0.5s",
			"mode":	"0-10V",
			"natural":	["0", "10000"],
			"period":	"1s",
			"range":	"2",
			"var":	"ai0..3"
		},
		"module":	"bcai"
	},
	"slot4":	{
		"chan0":	{
			"mode":	"0-10V",
			"natural":	["0", "10000"],
			"var_out":	"ao0"
		},
		"chan1":	{
			"mode":	"0-10V",
			"natural":	["0", "10000"],
			"var_out":	"ao1"
		},
		"chan2":	{
			"mode":	"0-10V",
			"natural":	["0", "10000"],
			"var_out":	"ao2"
		},
		"chan3":	{
			"mode":	"0-10V",
			"natural":	["0", "10000"],
			"var_out":	"ao3"
		},
		"module":	"bcao"
	},
	"task0":	{
		"maxrun":	"10ms",
		"period":	"100ms",
		"prog1":	{
			"enable":	"y",
			"file":	"/home/anonymous/Ai-Talap/C_prog/test.c"
		}
	},
	"var":	{
		"Kd":	{
			"init":	"10",
			"retain":	[512]
		},
		"Kp":	{
			"init":	"100",
			"retain":	[520]
		},
		"Ks":	{
			"init":	"10",
			"retain":	[528]
		},
		"hi_sensor":	{
			"init":	"100000",
			"retain":	[536]
		},
		"lo_sensor":	{
			"init":	"0",
			"retain":	[544]
		},
		"nom_val":	{
			"init":	"2000"
		},
		"number":	{
			"init":	"0"
		},
		"temp":	{
			"init":	"0"
		}
	}
}
I (05:31:53.784) var_retain_load:577: Kd
I (05:31:53.787) retain_load:68: 
I (05:31:53.790) retain_load:79: retain_addr=512 val=0x4024000000000000
I (05:31:53.796) var_retain_load:587: 512 10
I (05:31:53.800) var_retain_load:577: Kp
I (05:31:53.804) retain_load:68: 
I (05:31:53.807) retain_load:79: retain_addr=520 val=0x4059000000000000
I (05:31:53.813) var_retain_load:587: 520 100
I (05:31:53.817) var_retain_load:577: Ks
I (05:31:53.821) retain_load:68: 
I (05:31:53.825) retain_load:79: retain_addr=528 val=0x4024000000000000
I (05:31:53.830) var_retain_load:587: 528 10
I (05:31:53.835) var_retain_load:577: hi_sensor
I (05:31:53.838) retain_load:68: 
I (05:31:53.842) retain_load:79: retain_addr=536 val=0x40c3880000000000
I (05:31:53.848) var_retain_load:587: 536 10000
I (05:31:53.852) var_retain_load:577: lo_sensor
I (05:31:53.856) retain_load:68: 
I (05:31:53.860) retain_load:79: retain_addr=544 val=0x0000000000000000
I (05:31:53.866) var_retain_load:587: 544 0
I (05:31:53.872) conf_walk:1151: clock
I (05:31:53.873) conf_walk:1151: forte
I (05:31:53.877) conf_walk:1151: hostname
I (05:31:53.880) conf_walk:1151: ipaddr
I (05:31:53.884) conf_walk:1151: slot-1
I (05:31:53.887) conf_walk_my_slot:554: 
I (05:31:53.893) conf_walk:1151: slot1
I (05:31:53.895) conf_walk:1151: slot2
I (05:31:53.899) conf_walk:1151: slot3
I (05:31:53.902) conf_walk:1151: slot4
I (05:31:53.905) conf_walk:1151: task0
I (05:31:53.909) conf_walk:1151: var
I (05:31:54.014) conf_newconf_write:1526: 
I (05:31:54.015) conf_all_subsystems_commit:1491: 
I (05:31:54.015) broker_newconf_commit:1146: vtab_new: 50 entries
I (05:31:54.019) rs485_conf: 00 00 00 00 14 a1 12 3c 01 00 00 00 80 25 00 00 
I (05:31:54.025) rs485_conf: 4e 08 01 00 00 01 00 00 
I (05:31:54.029) modbus_server_newconf_commit:659: 0x3fca79d0 tcp_port=502
I (05:31:54.087) forte_start:54: 
I (05:31:54.088) forte_start:56: 
I (05:31:54.089) slot_newconf_commit:229: 
I (05:31:54.089) slot_newconf_commit:244: slot1
I (05:31:54.091) slot_newconf_commit:244: slot2
I (05:31:54.095) slot_newconf_commit:244: slot3
I (05:31:54.099) slot_newconf_commit:244: slot4
I (05:31:54.104) slot_newconf_commit:253: slot1
I (05:31:54.108) slot_newconf_commit:253: slot2
I (05:31:54.112) slot_newconf_commit:253: slot3
I (05:31:54.116) slot_newconf_commit:253: slot4
I (05:31:54.121) conf_task:1615: OK
I (05:31:54.124) bus_events_handler:134: 3
I (05:31:54.124) bustab_master_best:388: 8cbfea861847 slotn=-1
I (05:31:54.128) bus_events_handler:139: bus_iammaster=1
I (05:31:54.138) bus_events_handler:148: 8cbfea861847
I (05:31:54.143) bus_events_handler:155: 8cbfea861847
I (05:31:54.149) esp_netif_handlers: br0 ip: 192.168.2.1, mask: 255.255.255.0, gw: 255.255.255.255
I (05:31:55.366) master_master:142: CS0/1/2=1/1/0
I (05:31:58.094) modbus_server_socket_create:181: listening on IPv4 sock fd=46
I (05:31:58.095) modbus_server_tcp_task:329: listening on 0.0.0.0:502
I (05:31:58.378) modbus_server_tcp_accept:145: connection from 192.168.2.33:41611 fd=47
I (05:31:58.394) modbus_server_tcp_input:236: sock=47 closed (EOF)
I (05:31:58.775) sensors_task:68: 5V=5.03/5.05/5.06 24V_in=24.05/24.08/24.09
I (05:31:59.068) master_master:142: CS0/1/2=1/1/0
I (05:32:02.770) master_master:142: CS0/1/2=1/1/0
I (05:32:03.074) esp_netif_handlers: br0 ip: 192.168.2.1, mask: 255.255.255.0, gw: 255.255.255.255
I (05:32:03.128) modbus_server_tcp_accept:145: connection from 192.168.2.33:43672 fd=47
I (05:32:03.133) plcprog_run_set:113: 1
I (05:32:03.135) plcprog_run_fram_write:136: wrote sys.run code=0x73
I (05:32:03.141) modbus_server_tcp_input:236: sock=47 closed (EOF)
E (05:32:03.234) plcprog_c_glue_dispatch:276: unknown method atint64 from caller 0x42971052
I (05:32:03.239) plcprog_run_fram_write:136: wrote sys.run code=0x8c
I (05:32:03.239) plcprog_super_task:848: free heap=125500
I (05:32:03.342) plcprog_tasks_start:422: 
I (05:32:03.343) plcprog_task_:642: task0
I (05:32:03.343) plcprog_task_:642: task1
I (05:32:03.344) plcprog_task_:642: task2
I (05:32:03.347) plcprog_task_:642: task3
I (05:32:03.350) plcprog_task_:642: task4
I (05:32:04.851) modbus_server_tcp_accept:145: connection from 192.168.2.33:47768 fd=47
I (05:32:04.864) modbus_server_tcp_input:236: sock=47 closed (EOF)
I (05:32:06.472) master_master:142: CS0/1/2=1/1/0
I (05:32:08.779) sensors_task:68: 5V=5.03/5.05/5.06 24V_in=24.05/24.08/24.20
I (05:32:10.174) master_master:142: CS0/1/2=1/1/0
I (05:32:13.876) master_master:142: CS0/1/2=1/1/0
I (05:32:17.578) master_master:142: CS0/1/2=1/1/0
I (05:32:18.785) sensors_task:68: 5V=5.03/5.05/5.06 24V_in=24.05/24.08/24.09
I (05:32:21.280) master_master:142: CS0/1/2=1/1/0
I (05:32:24.982) master_master:142: CS0/1/2=1/1/0
I (05:32:28.684) master_master:142: CS0/1/2=1/1/0
I (05:32:28.791) sensors_task:68: 5V=5.03/5.05/5.06 24V_in=24.05/24.08/24.09
I (05:32:32.386) master_master:142: CS0/1/2=1/1/0
I (05:32:36.088) master_master:142: CS0/1/2=1/1/0
I (05:32:38.793) sensors_task:68: 5V=5.03/5.05/5.06 24V_in=24.05/24.08/24.09
I (05:32:39.790) master_master:142: CS0/1/2=1/1/0
I (05:32:43.492) master_master:142: CS0/1/2=1/1/0
I (05:32:44.885) bus_twai_task:491: twai alerts seen in last 60s: 0x40000000, #1
I (05:32:47.194) master_master:142: CS0/1/2=1/1/0
I (05:32:48.738) app_main:288: free heap=125536 min=118036 stats.oom=0 IDLE=59014408,57781121
I (05:32:48.797) sensors_task:68: 5V=5.03/5.05/5.06 24V_in=24.05/24.08/24.09
I (05:32:50.896) master_master:142: CS0/1/2=1/1/0
I (05:32:54.598) master_master:142: CS0/1/2=1/1/0
I (05:32:58.300) master_master:142: CS0/1/2=1/1/0
I (05:32:58.799) sensors_task:68: 5V=5.03/5.05/5.06 24V_in=24.05/24.08/24.13
I (05:33:02.002) master_master:142: CS0/1/2=1/1/0
I (05:33:05.704) master_master:142: CS0/1/2=1/1/0
I (05:33:08.803) sensors_task:68: 5V=5.03/5.05/5.06 24V_in=24.05/24.08/24.09
I (05:33:09.406) master_master:142: CS0/1/2=1/1/0
I (05:33:13.108) master_master:142: CS0/1/2=1/1/0
I (05:33:16.720) modbus_server_tcp_accept:145: connection from 192.168.2.33:13504 fd=47
